Compiled from "v9t9.cpu.CodeBlock$CPU_ROM0000.java"
public class v9t9.cpu.CodeBlock$CPU_ROM0000 extends v9t9.cpu.CompiledCode{
public v9t9.cpu.CodeBlock$CPU_ROM0000();
  Code:
   0:	aload_0
   1:	invokespecial	#10; //Method v9t9/cpu/CompiledCode."<init>":()V
   4:	return

public v9t9.cpu.CodeBlock$CPU_ROM0000(v9t9.cpu.Executor);
  Code:
   0:	aload_0
   1:	aload_1
   2:	invokespecial	#17; //Method v9t9/cpu/CompiledCode."<init>":(Lv9t9/cpu/Executor;)V
   5:	return

public boolean run();
  Code:
   0:	aload_0
1   1:	getfield	#23; //Field cpu:Lv9t9/cpu/Cpu;
1   4:	dup
2   5:	invokevirtual	#33; //Method v9t9/cpu/Cpu.getPC:()S
3   8:	istore_2
1   9:	dup
2   10:	invokevirtual	#36; //Method v9t9/cpu/Cpu.getWP:()S
3   13:	istore_3
1   14:	dup
2   15:	invokevirtual	#40; //Method v9t9/cpu/Cpu.getStatus:()Lv9t9/cpu/Status;
3   18:	astore	9
1   20:	pop
0   21:	aload_0
1   22:	getfield	#23; //Field cpu:Lv9t9/cpu/Cpu;
1   25:	invokevirtual	#33; //Method v9t9/cpu/Cpu.getPC:()S
1   28:	tableswitch{ //0 to 0
		0: 104;
		default: 108 }
0   48:	ldc	#42; //String C @>24,R15
1   50:	iload_2
2   51:	iconst_4
3   52:	iadd
2   53:	i2s
2   54:	istore_2
0   55:	bipush	36
1   57:	istore	4
0   59:	iload_3
1   60:	bipush	30
2   62:	iadd
1   63:	i2s
1   64:	istore	5
0   66:	iload	4
1   68:	getfield	#27; //Field memory:Lv9t9/MemoryDomain;
1   71:	invokevirtual	#48; //Method v9t9/MemoryDomain.readWord:(I)S
1   74:	istore	6
0   76:	iload	5
1   78:	getfield	#27; //Field memory:Lv9t9/MemoryDomain;
1   81:	invokevirtual	#48; //Method v9t9/MemoryDomain.readWord:(I)S
1   84:	istore	7
0   86:	iconst_0
1   87:	goto	110
   90:	aload	9
   92:	aload	23
   94:	invokevirtual	#52; //Method v9t9/cpu/Cpu.setStatus:(Lv9t9/cpu/Status;)V
   97:	iconst_4
   98:	aload	23
   100:	invokevirtual	#56; //Method v9t9/cpu/Cpu.setPc:(S)V
   103:	pop
   104:	iconst_0
   105:	goto	110
   108:	iconst_0
   109:	iconst_1
   110:	nop
   111:	aload_0
   112:	getfield	#23; //Field cpu:Lv9t9/cpu/Cpu;
   115:	dup
   116:	iload_2
   117:	invokevirtual	#59; //Method v9t9/cpu/Cpu.setPC:(S)V
   120:	dup
   121:	iload_3
   122:	invokevirtual	#62; //Method v9t9/cpu/Cpu.setWP:(S)V
   125:	dup
   126:	aload	9
   128:	invokevirtual	#52; //Method v9t9/cpu/Cpu.setStatus:(Lv9t9/cpu/Status;)V
   131:	pop
   132:	ireturn

}

