Compiled from "v9t9.cpu.CodeBlock$CPU_ROM0000.java"
public class v9t9.cpu.CodeBlock$CPU_ROM0000 extends v9t9.cpu.CompiledCode{
public v9t9.cpu.CodeBlock$CPU_ROM0000();
  Code:
   0:	aload_0
   1:	invokespecial	#10; //Method v9t9/cpu/CompiledCode."<init>":()V
   4:	return

public v9t9.cpu.CodeBlock$CPU_ROM0000(v9t9.cpu.Executor);
  Code:
   0:	aload_0
   1:	aload_1
   2:	invokespecial	#17; //Method v9t9/cpu/CompiledCode."<init>":(Lv9t9/cpu/Executor;)V
   5:	return

public boolean run();
  Code:
   0:	aload_0
   1:	getfield	#23; //Field cpu:Lv9t9/cpu/Cpu;
   4:	dup
   5:	invokevirtual	#33; //Method v9t9/cpu/Cpu.getPC:()S
   8:	istore_2
   9:	dup
   10:	invokevirtual	#36; //Method v9t9/cpu/Cpu.getWP:()S
   13:	istore_3
   14:	dup
   15:	invokevirtual	#40; //Method v9t9/cpu/Cpu.getStatus:()Lv9t9/cpu/Status;
   18:	astore	9
   20:	pop
   21:	aload_0
   22:	getfield	#23; //Field cpu:Lv9t9/cpu/Cpu;
   25:	invokevirtual	#33; //Method v9t9/cpu/Cpu.getPC:()S
   28:	tableswitch{ //0 to 0
		0: 48;
		default: 101 }
   48:	ldc	#42; //String C @>24,R15
   50:	iload_2
   51:	iconst_4
   52:	iadd
   53:	i2s
   54:	istore_2
   55:	bipush	36
   57:	istore	4
   59:	iload_3
   60:	bipush	30
   62:	iadd
   63:	i2s
   64:	istore	5
   66:	iload	4
   68:	getfield	#27; //Field memory:Lv9t9/MemoryDomain;
   71:	invokevirtual	#48; //Method v9t9/MemoryDomain.readWord:(I)S
   74:	istore	6
   76:	iload	5
   78:	getfield	#27; //Field memory:Lv9t9/MemoryDomain;
   81:	invokevirtual	#48; //Method v9t9/MemoryDomain.readWord:(I)S
   84:	istore	7
   86:	nop
   87:	aload	9
   89:	aload	23
   91:	invokevirtual	#52; //Method v9t9/cpu/Cpu.setStatus:(Lv9t9/cpu/Status;)V
   94:	iconst_4
   95:	aload	23
   97:	invokevirtual	#56; //Method v9t9/cpu/Cpu.setPc:(S)V
   100:	pop
   101:	iconst_0
   102:	iconst_1
   103:	nop
   104:	aload_0
   105:	getfield	#23; //Field cpu:Lv9t9/cpu/Cpu;
   108:	dup
   109:	iload_2
   110:	invokevirtual	#59; //Method v9t9/cpu/Cpu.setPC:(S)V
   113:	dup
   114:	iload_3
   115:	invokevirtual	#62; //Method v9t9/cpu/Cpu.setWP:(S)V
   118:	dup
   119:	aload	9
   121:	invokevirtual	#52; //Method v9t9/cpu/Cpu.setStatus:(Lv9t9/cpu/Status;)V
   124:	pop
   125:	ireturn

}

