VideoUpdateSpeed
VideoUpDateMaxDelay
DelayBetweenInstructions
ROMSPath
ModulesPath
DSK1Path
DSK2Path
DSK3Path
DSK4Path
DSK5Path
DiskImage1
DiskImage2
DiskImage3
DiskImagePath
ShowDiskLED
ShowRS232LED
ShowEmuDiskLED
SetKeyboardLED
DigitizedSpeechFilesPath
TimerSpeed
JoystickPollDelay
MouseEmulationType
ROMKeyboardDelay
Joy1_A
Joy1_B
Joy1_C
Joy1_D
Joy2_A
Joy2_B
Joy2_C
Joy2_D
SoundBlasterIRQ
SoundBlasterDMA
PlaySound
Silence
NoiseFilesPath
CPUROMFileName
GPLROMFileName
SpeechROMFilename
MousePollDelay
Check5Sprites
KeyboardDelay
PreventUltraRepeat
NoiseSync
UseVga
Modules
NoiseTop
DiskDSRFilename
EmuDiskDSRFilename
shareddiskdsrfilename
RS232DSRFilename
emurs232dsrfilename
Joystick1Bounds
Joystick2Bounds
DefaultModule
video16
checkspritecoinc

RecordedDemosPath
ROM
MMRAM
ROM1
ROM2
GROM
BANKED

Adlib
PCSpeaker
SBDMA
Sblaster

CompiledROM
CompiledROMsPath

SpeechExcitation
SpeechPitches

UseLPCSpeech

PreventMultipleInterrupts
InterruptTracing

PcSpeakerSilenceLevel

MaximumInterruptSpeed

RS232/1
RS232/2

pio/1
pio/2

ROMPatches

memorymove
mm
spritemotion
sm
directkeyboard
dk
shiftreboot
sr
fastinterrupt
fi
slowdownkeyboard
sk

logging

StartupDebugging
DSRCombo
defaultmoduleextension



emudisk
realdisk
bothdisk
emurs232
realrs232


